Error type 8 at Line 21: incompatiable return type
