Error type 5 at Line 11: unmatching types on both sides of assignment
Error type 5 at Line 12: unmatching types on both sides of assignment
Error type 5 at Line 13: unmatching types on both sides of assignment
