Error type 5 at Line 3: unmatching types on both sides of assignment
Error type 5 at Line 3: unmatching types on both sides of assignment
Error type 5 at Line 3: unmatching types on both sides of assignment
