Error type 16 at Line 5: struct AST haven't define
