Error type A at Line 4: unknown lexeme 3_wrong_id
