Error type B at Line 0: Missing closing parenthesis ')'
