Error type A at Line 4: unknown lexeme $
Error type B at Line 7: Missing semicolon ';'
Error type A at Line 8: unknown lexeme @
