Error type B at Line 10: Missing closing parenthesis ')'
Error type B at Line 12: Missing closing parenthesis ')'
