./judge.sh: line 42: ./CS323_Compilers_project1_pro1: No such file or directory
